gAAAAABqqYZHMR9vrY2Rn27DpqG9mrtOATEW4zyR6JZhfsD9cbX_m-eR0aK-MlwHua0cSwFvWjEkHyfQX2ZwQNAN5cL2ZvDyfQnpe--VnXYV3296Ih6UY1xoDVvEbChHYLQqt242ZB2szTJdMSHId-DvhaE4t4AQRfWWLDCIOjlHTb3jlGrmmUYR7WgB_8Yirp9etbzh9vrKGAkKMh5cjyqYWs9Na772hA==
gAAAAABqqYZHr9CYpt_d-1pT0kO43AW3lrdi7wOLp-qC6dZ7KiV4dVtNGMmYjztrehZAUK1dtMT7e9Iqt6DkoAi6uT8j6yzv84Tq6bwEqV3l1H-hQ66_U3dqSQ4WbVap2b-AocL5NakMlTibwxOapjzsYa5H0War1CqyjI5GLbwJVEaRaUPheV3ftMmDpkhebr9SMUohjGlvEWEFURK_w6L8zFKNB245Mw==
gAAAAABqqYZK23MIlikRXLK-_wnjwoFTSQT98oyN4BV4SaexvKODFHzjijruJTM9IMFboahQn9TRQL8heA8-N7aRmB9jtMV39FHaNcFNYYxZwGBKddiAZlQf23v_wnCyPf-A0TKeBPIWR4tsetkCnwPj9sHl2T2lljh4rvAyP4CyWmdUdi2RqNikj1EvkU-hEg7oOwwfDzUgwFi2RUK7H4fEOSrwmQdyeA==
gAAAAABqqYZa1elrPpSwF7IoBCYT93kMG5R0hIzQ3EiHyTfgiwIu6vG86tyIYxnKBP31BMTIoaEe0W-ep1p3KEf-ateHsfRH0zRyTt8uhVFoQCT9MghLctFub2XwbYH2yPMKxelIipKa4wNq5HdLP_p3rg9tBLFcWnVg51CwrDZgHwd5xrmSjQg3XNA-KQnw2D6SIXGDQmSM4YpNb2ZRxs8GF5DoTv6sZw==
gAAAAABqqYZdOFHdhu_0FC3u0axz7vWoyLCbwRZqJOd_7r2QF7CP3ka5hdqkL-dEDXx0E8XFFXAw1TM7lLGIsJIONc50A-k6XdG6Ae4ylYz-kp2qWQthWdUQZKbAY9lT3CNsHCS0_yVxncERJBP3S_2g8j4T0P4ot_1ZtFF4ccabjWAWrbvsfQW7aNOizCvq1duTNhRpYnwBMpaMyW00H-31uzyUzF6XeQ==
gAAAAABqqYZdaqY3d2fvl-p8Z08P_ggNGk5fmhCMF_t-LEc05sEJ7zbPQVP0zsmPt70wENxFJxtPB1NffYJMrWKC6_QyD0pSMwevnrSxlNCDWi5fcqihZ0ZjBpoXYMh9A6R0Fc2WcFUbJwMEryWO44BrXnNJiaxVKcQvFRU6bTXN3YasFrRVhq7WOwohtN5VPvyYsZt4PpDBNzqZQ4m7W7lhyq8B9eVZBQ==
gAAAAABqqYeyjeKBBcr2MN0SbmRdBNq3SPcFHHl6ZEPNe-HGcDvipEg9ui3SKyx5Ha63JbWaaUQqIj0IZi5zdlGwha3ebJ5s8vBo7hJtazmKU9QEoUDJNHAZ0t4knLt4jaDo11lSG93SZx_k8XXOCF86ja8_5Ckr1YJtH3NAwdVuw_vay1Ur5h7vglRf6gmTxBZhFVY0G0Q8Sov47HwXgn36Y2Q4kaFpug==
gAAAAABqqYeyA349bs5oiPsLrH8_o-yFxmWWLM6zJei8uFND5pjjHoVqBQv-nUUEnKe9uGliGVnLZrW1c8NHQ0-y_whMHAzuhIbkalcg1bL0NqdhZnDin41NFSCrpADNcDR8QsANMli2OKCrSHTp9RxALYhOk50Fvd8GTqS9xdu9ld04p3VtXPOOgzq5z4c7aaQIFcGDQSXIP5ZrKRbB_vhsnECoUsYkItY1ofgOttZUhtX6kOzIrZ4=
gAAAAABqqYeyAe4tUiXNaq9GXlKjLmnUk3gDuY6_HjArml13e3dHFusZ2pIUwcI9Th6bDj0BZ7GyRtuWijPLAPXJPuOhUM5wEtBXShklf2nxhLFLqaOgeBMKhZGYjvEQuO7UbFRLjxmouB1VzzW_AfeHzJYZ5hdLZbBQZcyGjRfHN5XK7N87jHUIZb_WvZLfFqKix55wrk5uf2ktWMrFjiu5DqxUrnhaL_AyA9-mTtRcNmraXKbrz3c=
gAAAAABqqYe9-62KUpkP7-yj_z9Eaq0GKyUqKeONXG7wA1hZgRFw5dpAkoFi0m3iv1K5OB_y0HYJeKn2X74yPzjngS0QNz0-HxpHIfnMG7hYIHMk-8VN9qxZp65P2KY8KsmCnOBj2lc4k35kfQyRpGn_xGHNvtohg4UgEhvm3PXFdsMhPYEBUOuLT9-EiX-W2Yexome0y-vB1DurxIVhOjW78r_NxH-rKSaUjGrwn5HPPiOuyLvYF3zjRWUgE7dKwX4lEXnAYi5A
gAAAAABqqYfNaMQYzRBWvfOh4y1HyICWzRRm1kxdmeQB3sTvcibiDCTjrLtX1DrHQEwU1eV16zADcA82TFXkzy0jhwY4e-SPsoTzgfCM5N9sPF2u98tiILVZKIkuplusMqI-Sn7tdv9VcQdY26TXDU3-Sgvm0Kg2QctVOelbkHcmwwsWZ0wyZmP3n6y_6422m8McKy7HLCOHEQTf-RaFmG_L3SkibyflLQ==
gAAAAABqqYfNo9FsrEZf1y0uq95drG-GlWBb0gp_YBnaXgHlZcPrpXAzEDCiWEriHBmg40dcURYXXk4UhTONelbt3Cfh7X3CUgUNQntRQbetGsNBrzCHLuUMQPDSTBxuvy253KlswmemHeoRTeJeYDQK-v8rTY_Csog5jO0b5foNk-ywlBHfOxJ2IU7NNFGr6dyRhLUqR-IlYl4i9V9QlSvoVK_m1gtAQvaDI4Sn557lnF7AQIftVYo=
gAAAAABqqYgNN-w6f2ZYvOPw9SlGEt-w-affwTwpbkO95NEXb_yx8Q5mIOAZtOk8QPjaHeim_xusVUxlDAohIUBLOsCv12HX18pCMS5bJBUAre-SzeM2akAsxzgyjXVGWXhNBtyAE2xUp0AkPI1vcev0OYkurW9d2-QYEQ18VZzoo8bnCinLhjP36tBZ_DVfG2AztZ3pK5yuHUvK9MgPQpKZzsLXqtvSK5tNnTLPDNZZ7daKYGMrh0dowPg6rwXjtnsu1sfuGz-Q
gAAAAABqqYlHvUcgpRkNSauWNlNK1Dce4v6I01O5Q3G4MMpATiUqZ-sXhlp1qNAZnwd3ZZAGLQ6KM_GpMyXonGX23F02xbigAAPIGJM-nP-Pgpk7ddF049l7OCXuHoAu7izv5TUQCk-NsknEcWOJmgSkIFv0oiRxe14q8UH7k6dCK8E-ZBdtdNf19fNFryCqtNsZ1uAXtePFWc6o38F7TFkoS78E--R1h5tyS_7QmE5lfTUy2ur8H4Ij_RH9bKSgI2YLZWwWEq2z
gAAAAABqqYnybPbrm675mtGWjPV8sIlZml47oz4ONA9HxKM5xY4xFyUq3qgwRwx7rjSbZ2lp_gHtjw2tO_gNRjSe6bf5kxhk_tYoe7BI00ccIppabhPWrBCkV-vQ_1MI3ykFRVWkYpnsLf2E9_mfyWqJKwLh8rArSnT6wbuVvfrHfsAt3RXOdhUAjvX_sP0yzMm1DetpwdOaqw6SwyGYnHoXmYFIghMDkiD9ItfvPKFAAyRMmQV-KsCnXaQsgFLbDqFvq-iKSrQQ
gAAAAABqqYn8krIumvQanYRyz1Nng7uMw2LiL5kdBmT_sPln5JUtB4CM51GiLzmeF1mMFhqn0W9GXM4G1i678ofAylenxGFMbxqH5ZNTXYkjtBf8as8L0uXvplG-iLMbvq81sEXDhNR3GcFn3S0Czje1EaN_FhFDa9QYz2kQFYBAxHvqx-xx2av7UX5Lnma8tJTGMUhoCbHDRzvXrJeZ0LPzwHq_dxeSpPfPDAu66hiFQh02WECgDtbZ8utH_BpjCGsKi34e28d0
gAAAAABqqYn-GQ7-W0tbP1nse8PSmcqNPk9wnFrLGLnTgO0g5_pjm5yFkYhCm4acmZlzDuAOfAyM16fHUJjI9kXWKxRuw-_K9aLsfgQ5dJK8sXb_OkEnSGh8tllusZyt5VjrrzsP4hSXWObxPG19v3S8qpM8l6x4bfPN1kN77FYq2kZMm1YhlAxcoQ_BSMnCg_ee7cN170Y6i5r3kLwO8kOtFQ6VR_G3JWXq3ODfVtcvI93OTDE8GtmIafIDWf987aPbrtRMZY8I
gAAAAABqqYn-brE-kzNveGrLy0Pv0RuyEZ3kg50f90wmmFZOElCTX_0qM4H-phodmlIRvFCgcP1Zk-hlklixde5V7ucOdJp8hPQ9CUX26syzQLDMmnkgl6VdXpiqbzuOxoPKwWYd1Mmxq7EMLZ4ZjEyMQatWXGQmGWHtgHN6zngyTVmH6QG6PlHFlhH338XKSCLykLoDDhY5oZvHn65GhgCq0a1pd5o-uRohDzyLDz--Wz5qUgN9Q92jYjutkgzTyV1p_Ce1PxZK
gAAAAABqqYn-oJeguSPsD5IVEtGnXo6D2VvOsQr9mR33Ow-X7Xseef3kU14imxHPwm61wwaBaHSKVr4NzSQSOb0O6APxF4k73B2mYTgEwQqlerNJuSt_NqlBxOjFeTXjqUiAv-_ofT0Bu9mbSxF23YzH1smypwwul_0vxNm-hs58paoHWncGuXu-DkBnQSN_Pgp3a2YbiqXOogoWsuqGPPh35T5NZAJ6Se4Qe7rIglB3joQrSJCHeE0dBDTicGyIYUTwFVlJ_dX0
gAAAAABqqYn_a-I1cR53ilI2aupHwVGlVdfcid8RCM5l1ndP9WubLWLcL6O8EQWSOcVig09IQBp9pJqNs1J6EWDV1A5Cy0Pi3Yvg3CkPCeGR4aNyYUt0FnQjtaGjlu-f-7CCySVY2RtKOYHgMAMPw8IA-w2lhe63RofOQy9ya_TAlXCv0Z57kWvYxbhj6TbQfC5NXDf4G9EfqoGX5eWmvBAuhgIePsv3O-f1nhwYyn6OQ2IHLaT8WfpIhvcHi3nJ-1l4md5ER5zY
gAAAAABqqYoFnP4R3NpWy36k7jXuejDynnZk-Ij_FWC0uJLVUJpOfEDhGEi9Hi0SlFEgDQBGpgg0WSY510f2cOLaicmLxn-jQVlc8YTd36EC_AqYtWyBlrKv6ikSpc_OO0NqoAEkT81PCKRIdGvuDAMrVCS2fYQsqXVgZbXKjdGHe_LPEgDpeGoSw7pwP92_n8a7Z0gBQTm5q8eaV3q4iVRkh-xUzGbD9fO3HL91pHm9eLjhoGHg0rptRnRDZyb0IItZuYQBE6wP
